---
http_interactions:
- request:
    method: get
    uri: https://api.github.com/repos/cramerdev/paprika/issues/1/labels
    body:
      encoding: US-ASCII
      string: ''
    headers:
      Accept:
      - application/vnd.github.v3+json
      User-Agent:
      - Octokit Ruby Gem 3.0.0.pre
      Authorization:
      - token <TOKEN>
      Accept-Encoding:
      - gzip;q=1.0,deflate;q=0.6,identity;q=0.3
  response:
    status:
      code: 200
      message: OK
    headers:
      Server:
      - GitHub.com
      Date:
      - Fri, 14 Feb 2014 21:39:31 GMT
      Content-Type:
      - application/json; charset=utf-8
      Status:
      - 200 OK
      X-Ratelimit-Limit:
      - '5000'
      X-Ratelimit-Remaining:
      - '4980'
      X-Ratelimit-Reset:
      - '1392416831'
      Cache-Control:
      - private, max-age=60, s-maxage=60
      Last-Modified:
      - Fri, 14 Feb 2014 21:39:30 GMT
      Etag:
      - '"dc6c1e419cfcd5471382b484eb7bf8fa"'
      X-Oauth-Scopes:
      - user, public_repo, repo, gist
      X-Accepted-Oauth-Scopes:
      - repo
      Vary:
      - Accept, Authorization, Cookie, X-GitHub-OTP
      - Accept-Encoding
      X-Github-Media-Type:
      - github.v3; format=json
      X-Content-Type-Options:
      - nosniff
      Content-Length:
      - '2'
      Access-Control-Allow-Credentials:
      - 'true'
      Access-Control-Expose-Headers:
      - ETag, Link, X-RateLimit-Limit, X-RateLimit-Remaining, X-RateLimit-Reset, X-OAuth-Scopes,
        X-Accepted-OAuth-Scopes, X-Poll-Interval
      Access-Control-Allow-Origin:
      - '*'
      X-Github-Request-Id:
      - 6153E20C:149A:7CA89CE:52FE8D13
    body:
      encoding: UTF-8
      string: '[]'
    http_version:
  recorded_at: Fri, 14 Feb 2014 21:39:30 GMT
- request:
    method: post
    uri: https://api.github.com/repos/cramerdev/paprika/issues/1/comments
    body:
      encoding: UTF-8
      string: '{"body":"Hi. Your friendly Curry bot here. Just letting you know that
        there are commit authors in this Pull Request who appear to not have signed
        a Chef CLA.\n\nThere are 1 commit author(s) whose commits are authored by
        a non GitHub-verified email address in this Pull Request. Chef will have to
        verify by hand that they have signed a Chef CLA.\n\nThe following GitHub users
        do not appear to have signed a CLA:\n\n* @brettchalupa\n\n[Please sign the
        CLA here.](https://community.getchef.com)"}'
    headers:
      Accept:
      - application/vnd.github.v3+json
      User-Agent:
      - Octokit Ruby Gem 3.0.0.pre
      Authorization:
      - token <TOKEN>
      Accept-Encoding:
      - gzip;q=1.0,deflate;q=0.6,identity;q=0.3
  response:
    status:
      code: 201
      message: Created
    headers:
      Server:
      - GitHub.com
      Date:
      - Fri, 14 Feb 2014 21:39:32 GMT
      Content-Type:
      - application/json; charset=utf-8
      Status:
      - 201 Created
      X-Ratelimit-Limit:
      - '5000'
      X-Ratelimit-Remaining:
      - '4979'
      X-Ratelimit-Reset:
      - '1392416831'
      Cache-Control:
      - private, max-age=60, s-maxage=60
      Etag:
      - '"103be51b32ebf3ec8339ffb3421f50d9"'
      X-Oauth-Scopes:
      - user, public_repo, repo, gist
      X-Accepted-Oauth-Scopes:
      - repo
      Location:
      - https://api.github.com/repos/cramerdev/paprika/issues/comments/35127401
      Vary:
      - Accept, Authorization, Cookie, X-GitHub-OTP
      X-Github-Media-Type:
      - github.v3; format=json
      X-Content-Type-Options:
      - nosniff
      Content-Length:
      - '1822'
      Access-Control-Allow-Credentials:
      - 'true'
      Access-Control-Expose-Headers:
      - ETag, Link, X-RateLimit-Limit, X-RateLimit-Remaining, X-RateLimit-Reset, X-OAuth-Scopes,
        X-Accepted-OAuth-Scopes, X-Poll-Interval
      Access-Control-Allow-Origin:
      - '*'
      X-Github-Request-Id:
      - 6153E20C:149B:475B3B9:52FE8D13
    body:
      encoding: UTF-8
      string: '{"url":"https://api.github.com/repos/cramerdev/paprika/issues/comments/35127401","html_url":"https://github.com/cramerdev/paprika/pull/1#issuecomment-35127401","issue_url":"https://api.github.com/repos/cramerdev/paprika/issues/1","id":35127401,"user":{"login":"curryandr","id":6596341,"avatar_url":"https://gravatar.com/avatar/a17d579ae533fa7dbf3f3875de913e10?d=https%3A%2F%2Fidenticons.github.com%2Fc23454742636600091b5bfbfe3187dc2.png&r=x","gravatar_id":"a17d579ae533fa7dbf3f3875de913e10","url":"https://api.github.com/users/curryandr","html_url":"https://github.com/curryandr","followers_url":"https://api.github.com/users/curryandr/followers","following_url":"https://api.github.com/users/curryandr/following{/other_user}","gists_url":"https://api.github.com/users/curryandr/gists{/gist_id}","starred_url":"https://api.github.com/users/curryandr/starred{/owner}{/repo}","subscriptions_url":"https://api.github.com/users/curryandr/subscriptions","organizations_url":"https://api.github.com/users/curryandr/orgs","repos_url":"https://api.github.com/users/curryandr/repos","events_url":"https://api.github.com/users/curryandr/events{/privacy}","received_events_url":"https://api.github.com/users/curryandr/received_events","type":"User","site_admin":false},"created_at":"2014-02-14T21:39:32Z","updated_at":"2014-02-14T21:39:32Z","body":"Hi.
        Your friendly Curry bot here. Just letting you know that there are commit
        authors in this Pull Request who appear to not have signed a Chef CLA.\n\nThere
        are 1 commit author(s) whose commits are authored by a non GitHub-verified
        email address in this Pull Request. Chef will have to verify by hand that
        they have signed a Chef CLA.\n\nThe following GitHub users do not appear to
        have signed a CLA:\n\n* @brettchalupa\n\n[Please sign the CLA here.](https://community.getchef.com)"}'
    http_version:
  recorded_at: Fri, 14 Feb 2014 21:39:31 GMT
- request:
    method: get
    uri: https://api.github.com/repos/cramerdev/paprika/issues/1/comments
    body:
      encoding: US-ASCII
      string: ''
    headers:
      Accept:
      - application/vnd.github.v3+json
      User-Agent:
      - Octokit Ruby Gem 3.0.0.pre
      Authorization:
      - token <TOKEN>
      Accept-Encoding:
      - gzip;q=1.0,deflate;q=0.6,identity;q=0.3
  response:
    status:
      code: 200
      message: OK
    headers:
      Server:
      - GitHub.com
      Date:
      - Fri, 14 Feb 2014 21:39:32 GMT
      Content-Type:
      - application/json; charset=utf-8
      Transfer-Encoding:
      - chunked
      Status:
      - 200 OK
      X-Ratelimit-Limit:
      - '5000'
      X-Ratelimit-Remaining:
      - '4978'
      X-Ratelimit-Reset:
      - '1392416831'
      Cache-Control:
      - private, max-age=60, s-maxage=60
      Etag:
      - '"f45c0d7f5218b52fc816f8be32bf1676"'
      X-Oauth-Scopes:
      - user, public_repo, repo, gist
      X-Accepted-Oauth-Scopes:
      - repo
      Vary:
      - Accept, Authorization, Cookie, X-GitHub-OTP
      - Accept-Encoding
      X-Github-Media-Type:
      - github.v3; format=json
      X-Content-Type-Options:
      - nosniff
      Access-Control-Allow-Credentials:
      - 'true'
      Access-Control-Expose-Headers:
      - ETag, Link, X-RateLimit-Limit, X-RateLimit-Remaining, X-RateLimit-Reset, X-OAuth-Scopes,
        X-Accepted-OAuth-Scopes, X-Poll-Interval
      Access-Control-Allow-Origin:
      - '*'
      X-Github-Request-Id:
      - 6153E20C:149A:7CA8C22:52FE8D14
    body:
      encoding: UTF-8
      string: '[{"url":"https://api.github.com/repos/cramerdev/paprika/issues/comments/35127401","html_url":"https://github.com/cramerdev/paprika/pull/1#issuecomment-35127401","issue_url":"https://api.github.com/repos/cramerdev/paprika/issues/1","id":35127401,"user":{"login":"curryandr","id":6596341,"avatar_url":"https://gravatar.com/avatar/a17d579ae533fa7dbf3f3875de913e10?d=https%3A%2F%2Fidenticons.github.com%2Fc23454742636600091b5bfbfe3187dc2.png&r=x","gravatar_id":"a17d579ae533fa7dbf3f3875de913e10","url":"https://api.github.com/users/curryandr","html_url":"https://github.com/curryandr","followers_url":"https://api.github.com/users/curryandr/followers","following_url":"https://api.github.com/users/curryandr/following{/other_user}","gists_url":"https://api.github.com/users/curryandr/gists{/gist_id}","starred_url":"https://api.github.com/users/curryandr/starred{/owner}{/repo}","subscriptions_url":"https://api.github.com/users/curryandr/subscriptions","organizations_url":"https://api.github.com/users/curryandr/orgs","repos_url":"https://api.github.com/users/curryandr/repos","events_url":"https://api.github.com/users/curryandr/events{/privacy}","received_events_url":"https://api.github.com/users/curryandr/received_events","type":"User","site_admin":false},"created_at":"2014-02-14T21:39:32Z","updated_at":"2014-02-14T21:39:32Z","body":"Hi.
        Your friendly Curry bot here. Just letting you know that there are commit
        authors in this Pull Request who appear to not have signed a Chef CLA.\n\nThere
        are 1 commit author(s) whose commits are authored by a non GitHub-verified
        email address in this Pull Request. Chef will have to verify by hand that
        they have signed a Chef CLA.\n\nThe following GitHub users do not appear to
        have signed a CLA:\n\n* @brettchalupa\n\n[Please sign the CLA here.](https://community.getchef.com)"}]'
    http_version:
  recorded_at: Fri, 14 Feb 2014 21:39:31 GMT
recorded_with: VCR 2.8.0
